# Which vault key (namespace `movies`) feeds which GitHub Actions secret. NAMES ONLY.
# Pushed by infra/bin/push-gh-secrets. The vault is the source of truth; Actions secrets are copies.
# A row whose vault key does not exist yet is skipped. (GitHub never reveals a secret, so there is
# no "up to date" check here: a push always overwrites; push only what you have rotated.)
#
# <owner/repo>  <ACTIONS_SECRET>  <VAULT_KEY>
pawelkrupinski/movies  NIX_STAGE_SSH_KEY               NIX_STAGE_SSH_KEY
pawelkrupinski/movies  NIX_STAGE_SIGNING_KEY           NIX_STAGE_SIGNING_KEY
pawelkrupinski/movies  MONGO_CI_SSH_KEY                MONGO_CI_SSH_KEY
pawelkrupinski/movies  MONGODB_URI                     KINOWO_CI_MONGODB_URI
pawelkrupinski/movies  TMDB_API_KEY                    TMDB_API_KEY
pawelkrupinski/movies  DECODO_PROXY_USER               DECODO_PROXY_USER
pawelkrupinski/movies  DECODO_PROXY_PASS               DECODO_PROXY_PASS
pawelkrupinski/movies  GRAFANA_ANNOTATION_TOKEN        KINOWO_GRAFANA_ANNOTATION_TOKEN
pawelkrupinski/movies  SYNC_PR_APP_PRIVATE_KEY         SYNC_PR_APP_PRIVATE_KEY
pawelkrupinski/movies  KINOWO_RELEASE_KEYSTORE_BASE64  KINOWO_RELEASE_KEYSTORE_BASE64
pawelkrupinski/movies  KINOWO_RELEASE_KEY_PASSWORD     KINOWO_RELEASE_KEY_PASSWORD
pawelkrupinski/movies  KINOWO_RELEASE_STORE_PASSWORD   KINOWO_RELEASE_STORE_PASSWORD
